
Note: Compatibility modes selected: hs a

Warning: m=xx on .subckt line will override multiplier m hierarchy!


Circuit: * test - telescopic cascode ac analysis

option SCALE: Scale is set to 1e-06 for instance and model parameters
Doing analysis at TEMP = 27.000000 and TNOM = 27.000000

Using SPARSE 1.3 as Direct Linear Solver

No. of Data Rows : 1
@m.xnfet1.xmn.msky130_fd_pr__nfet_01v8[gds] = 1.081858e-03
@m.xnfet1.xmn.msky130_fd_pr__nfet_01v8[gm] = 7.411764e-03
@m.xnfet2.xmn.msky130_fd_pr__nfet_01v8[gds] = 1.081861e-03
@m.xnfet2.xmn.msky130_fd_pr__nfet_01v8[gm] = 7.411762e-03
@m.xpfet1.xmp.msky130_fd_pr__pfet_01v8[gds] = 1.087256e-03
@m.xpfet1.xmp.msky130_fd_pr__pfet_01v8[gm] = 8.207428e-03
@m.xpfet2.xmp.msky130_fd_pr__pfet_01v8[gds] = 1.087264e-03
@m.xpfet2.xmp.msky130_fd_pr__pfet_01v8[gm] = 8.207421e-03
gm_n2 = 7.411764e-03
gm_p2 = 8.207421e-03
m.xnfet1.xmn.msky130_fd_pr__nfet_01v8#body = 4.000001e-01
m.xnfet1.xmn.msky130_fd_pr__nfet_01v8#dbody = 4.000001e-01
m.xnfet1.xmn.msky130_fd_pr__nfet_01v8#sbody = 4.000001e-01
m.xnfet2.xmn.msky130_fd_pr__nfet_01v8#body = 5.063451e-12
m.xnfet2.xmn.msky130_fd_pr__nfet_01v8#dbody = 1.265769e-11
m.xnfet2.xmn.msky130_fd_pr__nfet_01v8#sbody = 2.532654e-12
m.xpfet1.xmp.msky130_fd_pr__pfet_01v8#body = 1.600000e+00
m.xpfet1.xmp.msky130_fd_pr__pfet_01v8#dbody = 1.600000e+00
m.xpfet1.xmp.msky130_fd_pr__pfet_01v8#sbody = 1.600000e+00
m.xpfet2.xmp.msky130_fd_pr__pfet_01v8#body = 1.200000e+00
m.xpfet2.xmp.msky130_fd_pr__pfet_01v8#dbody = 1.200000e+00
m.xpfet2.xmp.msky130_fd_pr__pfet_01v8#sbody = 1.200000e+00
n1 = 1.200000e+00
n2 = 4.000001e-01
ro_n1 = 9.243334e+02
ro_n2 = 9.243358e+02
ro_p1 = 9.197466e+02
ro_p2 = 9.197401e+02
rout_n = 8.181239e+03
rout_p = 8.782373e+03
rout_total = 4.235577e+03
vb1 = 2.500000e-01
vb1#branch = 0.000000e+00
vb2 = -1.50000e-01
vb2#branch = 0.000000e+00
vb3 = 1.500000e+00
vb3#branch = 0.000000e+00
vdd = 1.600000e+00
vdd#branch = -2.00000e-03
vin = 1.100000e+00
vin#branch = 0.000000e+00
vout = 8.000010e-01
Note: Simulation executed from .control section 
